EXPERIMENT CONFIGURATION
Regime:  Standard
Systems: 
  - sir_prevalence_only_1
  - sir_incidence_only_1
  - sir_both_1
Running 9 experiments in parallel...
Starting FluxDisco search: sir_both_1_standard/experiment_no_noise
Episode 0/100...
Starting FluxDisco search: sir_prevalence_only_1_standard/experiment_low_noise
Episode 0/100...
Fail in getting model predictions: Prediction extraction not setup.
Starting FluxDisco search: sir_prevalence_only_1_standard/experiment_high_noise
Episode 0/100...
Fail in getting model predictions: Prediction extraction not setup.
Starting FluxDisco search: sir_incidence_only_1_standard/experiment_no_noise
Episode 0/100...
Fail in getting model predictions: Prediction extraction not setup.
Starting FluxDisco search: sir_prevalence_only_1_standard/experiment_no_noise
Episode 0/100...
Fail in getting model predictions: Prediction extraction not setup.
Starting FluxDisco search: sir_incidence_only_1_standard/experiment_low_noise
Episode 0/100...
Fail in getting model predictions: Prediction extraction not setup.
Starting FluxDisco search: sir_both_1_standard/experiment_high_noise
Episode 0/100...
Starting FluxDisco search: sir_both_1_standard/experiment_low_noise
Episode 0/100...
Starting FluxDisco search: sir_incidence_only_1_standard/experiment_high_noise
Episode 0/100...
Fail in getting model predictions: Prediction extraction not setup.
