EXPERIMENT CONFIGURATION
Regime:  Standard
Systems: 
  - sir_prevalence_only_10
  - sir_incidence_only_10
  - sir_both_10
Running 9 experiments in parallel...
Starting FluxDisco search: sir_incidence_only_10_standard/experiment_high_noise
Episode 0/100...
Starting FluxDisco search: sir_both_10_standard/experiment_no_noise
Episode 0/100...
Starting FluxDisco search: sir_incidence_only_10_standard/experiment_low_noise
Episode 0/100...
Starting FluxDisco search: sir_incidence_only_10_standard/experiment_no_noise
Episode 0/100...
Starting FluxDisco search: sir_prevalence_only_10_standard/experiment_low_noise
Episode 0/100...
Starting FluxDisco search: sir_prevalence_only_10_standard/experiment_no_noise
Episode 0/100...
Starting FluxDisco search: sir_prevalence_only_10_standard/experiment_high_noise
Episode 0/100...
Starting FluxDisco search: sir_both_10_standard/experiment_low_noise
Episode 0/100...
Starting FluxDisco search: sir_both_10_standard/experiment_high_noise
Episode 0/100...
   Reached terminal node at step 15
   Reached terminal node at step 21
   Reached terminal node at step 18
   Reached terminal node at step 9
   Reached terminal node at step 3
   Reached terminal node at step 15
   Reached terminal node at step 9
   Reached terminal node at step 16
   Reached terminal node at step 11
   Reached terminal node at step 3
Episode 10/100...
   Reached terminal node at step 5
   Reached terminal node at step 5
   Reached terminal node at step 9
   Reached terminal node at step 5
   Reached terminal node at step 9
   Reached terminal node at step 5
   Reached terminal node at step 11
   Reached terminal node at step 10
   Reached terminal node at step 9
   Reached terminal node at step 7
Episode 20/100...
   Reached terminal node at step 17
   Reached terminal node at step 15
   Reached terminal node at step 18
   Reached terminal node at step 17
   Reached terminal node at step 11
   Reached terminal node at step 9
   Reached terminal node at step 11
   Reached terminal node at step 8
   Reached terminal node at step 11
   Reached terminal node at step 11
Episode 30/100...
   Reached terminal node at step 16
   Reached terminal node at step 7
   Reached terminal node at step 7
   Reached terminal node at step 6
   Reached terminal node at step 11
   Reached terminal node at step 8
   Reached terminal node at step 14
   Reached terminal node at step 11
   Reached terminal node at step 18
   Reached terminal node at step 20
Episode 40/100...
   Reached terminal node at step 7
   Reached terminal node at step 16
   Reached terminal node at step 17
   Reached terminal node at step 13
   Reached terminal node at step 12
   Reached terminal node at step 14
   Reached terminal node at step 5
   Reached terminal node at step 17
   Reached terminal node at step 6
   Reached terminal node at step 12
Episode 50/100...
   Reached terminal node at step 9
   Reached terminal node at step 17
   Reached terminal node at step 18
   Reached terminal node at step 15
   Reached terminal node at step 7
   Reached terminal node at step 15
   Reached terminal node at step 9
   Reached terminal node at step 11
   Reached terminal node at step 7
   Reached terminal node at step 5
Episode 60/100...
   Reached terminal node at step 8
   Reached terminal node at step 9
   Reached terminal node at step 19
   Reached terminal node at step 10
   Reached terminal node at step 11
   Reached terminal node at step 8
   Reached terminal node at step 6
   Reached terminal node at step 14
   Reached terminal node at step 16
   Reached terminal node at step 9
Episode 70/100...
   Reached terminal node at step 13
   Reached terminal node at step 21
   Reached terminal node at step 15
   Reached terminal node at step 13
   Reached terminal node at step 12
   Reached terminal node at step 7
   Reached terminal node at step 11
   Reached terminal node at step 9
   Reached terminal node at step 15
   Reached terminal node at step 7
Episode 80/100...
   Reached terminal node at step 10
   Reached terminal node at step 18
   Reached terminal node at step 9
   Reached terminal node at step 13
   Reached terminal node at step 10
   Reached terminal node at step 15
   Reached terminal node at step 7
   Reached terminal node at step 24
   Reached terminal node at step 14
   Reached terminal node at step 12
Episode 90/100...
   Reached terminal node at step 12
   Reached terminal node at step 14
   Reached terminal node at step 7
   Reached terminal node at step 18
   Reached terminal node at step 5
   Reached terminal node at step 9
   Reached terminal node at step 13
   Reached terminal node at step 18
   Reached terminal node at step 9
   Reached terminal node at step 15
Saved estimated data to results/sir_incidence_only_10_standard/experiment_low_noise/estimated_data.csv
Time taken: 10715.16 seconds (178.59 min, 2.98 hr)

Finished sir_incidence_only_10_standard/experiment_low_noise. Results saved to results/sir_incidence_only_10_standard/experiment_low_noise
Finished sir_incidence_only_10_standard/experiment_low_noise
   Reached terminal node at step 14
   Reached terminal node at step 5
   Reached terminal node at step 17
   Reached terminal node at step 11
   Reached terminal node at step 5
   Reached terminal node at step 9
   Reached terminal node at step 16
   Reached terminal node at step 3
   Reached terminal node at step 22
   Reached terminal node at step 5
Episode 10/100...
   Reached terminal node at step 12
   Reached terminal node at step 12
   Reached terminal node at step 12
   Reached terminal node at step 15
   Reached terminal node at step 19
   Reached terminal node at step 8
   Reached terminal node at step 14
   Reached terminal node at step 10
   Reached terminal node at step 8
   Reached terminal node at step 13
Episode 20/100...
   Reached terminal node at step 13
   Reached terminal node at step 7
   Reached terminal node at step 7
   Reached terminal node at step 12
   Reached terminal node at step 11
   Reached terminal node at step 9
   Reached terminal node at step 7
   Reached terminal node at step 11
   Reached terminal node at step 7
   Reached terminal node at step 10
Episode 30/100...
   Reached terminal node at step 9
   Reached terminal node at step 5
   Reached terminal node at step 6
   Reached terminal node at step 11
   Reached terminal node at step 5
   Reached terminal node at step 8
   Reached terminal node at step 13
   Reached terminal node at step 7
   Reached terminal node at step 16
   Reached terminal node at step 10
Episode 40/100...
   Reached terminal node at step 15
   Reached terminal node at step 8
   Reached terminal node at step 16
   Reached terminal node at step 20
   Reached terminal node at step 13
   Reached terminal node at step 9
   Reached terminal node at step 12
   Reached terminal node at step 11
   Reached terminal node at step 12
   Reached terminal node at step 14
Episode 50/100...
   Reached terminal node at step 17
   Reached terminal node at step 10
   Reached terminal node at step 16
   Reached terminal node at step 7
   Reached terminal node at step 7
   Reached terminal node at step 7
   Reached terminal node at step 13
   Reached terminal node at step 14
   Reached terminal node at step 10
   Reached terminal node at step 18
Episode 60/100...
   Reached terminal node at step 11
   Reached terminal node at step 8
   Reached terminal node at step 7
   Reached terminal node at step 19
   Reached terminal node at step 21
   Reached terminal node at step 13
   Reached terminal node at step 12
   Reached terminal node at step 7
   Reached terminal node at step 9
   Reached terminal node at step 9
Episode 70/100...
   Reached terminal node at step 9
   Reached terminal node at step 13
   Reached terminal node at step 9
   Reached terminal node at step 7
   Reached terminal node at step 13
   Reached terminal node at step 13
   Reached terminal node at step 7
   Reached terminal node at step 14
   Reached terminal node at step 8
   Reached terminal node at step 12
Episode 80/100...
   Reached terminal node at step 13
   Reached terminal node at step 8
   Reached terminal node at step 9
   Reached terminal node at step 13
   Reached terminal node at step 6
   Reached terminal node at step 19
   Reached terminal node at step 17
   Reached terminal node at step 9
   Reached terminal node at step 9
   Reached terminal node at step 11
Episode 90/100...
   Reached terminal node at step 12
   Reached terminal node at step 13
   Reached terminal node at step 8
   Reached terminal node at step 17
   Reached terminal node at step 11
   Reached terminal node at step 13
   Reached terminal node at step 8
   Reached terminal node at step 12
   Reached terminal node at step 7
   Reached terminal node at step 11
Saved estimated data to results/sir_incidence_only_10_standard/experiment_no_noise/estimated_data.csv
Time taken: 11006.01 seconds (183.43 min, 3.06 hr)

Finished sir_incidence_only_10_standard/experiment_no_noise. Results saved to results/sir_incidence_only_10_standard/experiment_no_noise
Finished sir_incidence_only_10_standard/experiment_no_noise
   Reached terminal node at step 15
   Reached terminal node at step 9
   Reached terminal node at step 18
   Reached terminal node at step 11
   Reached terminal node at step 13
   Reached terminal node at step 7
   Reached terminal node at step 18
   Reached terminal node at step 14
   Reached terminal node at step 5
   Reached terminal node at step 15
Episode 10/100...
   Reached terminal node at step 7
   Reached terminal node at step 6
   Reached terminal node at step 3
   Reached terminal node at step 18
   Reached terminal node at step 3
   Reached terminal node at step 10
   Reached terminal node at step 12
   Reached terminal node at step 13
   Reached terminal node at step 7
   Reached terminal node at step 18
Episode 20/100...
   Reached terminal node at step 19
   Reached terminal node at step 5
   Reached terminal node at step 9
   Reached terminal node at step 8
   Reached terminal node at step 14
   Reached terminal node at step 7
   Reached terminal node at step 13
   Reached terminal node at step 9
   Reached terminal node at step 6
   Reached terminal node at step 9
Episode 30/100...
   Reached terminal node at step 15
   Reached terminal node at step 12
   Reached terminal node at step 7
   Reached terminal node at step 12
   Reached terminal node at step 7
   Reached terminal node at step 9
   Reached terminal node at step 13
   Reached terminal node at step 9
   Reached terminal node at step 7
   Reached terminal node at step 12
Episode 40/100...
   Reached terminal node at step 12
   Reached terminal node at step 19
   Reached terminal node at step 5
   Reached terminal node at step 5
   Reached terminal node at step 12
   Reached terminal node at step 9
   Reached terminal node at step 9
   Reached terminal node at step 17
   Reached terminal node at step 15
   Reached terminal node at step 11
Episode 50/100...
   Reached terminal node at step 9
   Reached terminal node at step 11
   Reached terminal node at step 12
   Reached terminal node at step 7
   Reached terminal node at step 7
   Reached terminal node at step 10
   Reached terminal node at step 22
   Reached terminal node at step 7
   Reached terminal node at step 7
   Reached terminal node at step 13
Episode 60/100...
   Reached terminal node at step 13
   Reached terminal node at step 15
   Reached terminal node at step 14
   Reached terminal node at step 12
   Reached terminal node at step 20
   Reached terminal node at step 20
   Reached terminal node at step 15
   Reached terminal node at step 10
   Reached terminal node at step 25
   Reached terminal node at step 2
Episode 70/100...
   Reached terminal node at step 7
   Reached terminal node at step 3
   Reached terminal node at step 14
   Reached terminal node at step 17
   Reached terminal node at step 9
   Reached terminal node at step 14
   Reached terminal node at step 19
   Reached terminal node at step 9
   Reached terminal node at step 7
   Reached terminal node at step 13
Episode 80/100...
   Reached terminal node at step 14
   Reached terminal node at step 10
   Reached terminal node at step 14
   Reached terminal node at step 18
   Reached terminal node at step 13
   Reached terminal node at step 6
   Reached terminal node at step 8
   Reached terminal node at step 13
   Reached terminal node at step 10
   Reached terminal node at step 20
Episode 90/100...
   Reached terminal node at step 11
   Reached terminal node at step 15
   Reached terminal node at step 7
   Reached terminal node at step 8
   Reached terminal node at step 16
   Reached terminal node at step 14
   Reached terminal node at step 11
   Reached terminal node at step 8
   Reached terminal node at step 11
   Reached terminal node at step 12
Saved estimated data to results/sir_incidence_only_10_standard/experiment_high_noise/estimated_data.csv
Time taken: 12747.08 seconds (212.45 min, 3.54 hr)

Finished sir_incidence_only_10_standard/experiment_high_noise. Results saved to results/sir_incidence_only_10_standard/experiment_high_noise
Finished sir_incidence_only_10_standard/experiment_high_noise
   Reached terminal node at step 10
   Reached terminal node at step 23
   Reached terminal node at step 20
   Reached terminal node at step 4
   Reached terminal node at step 18
   Reached terminal node at step 2
   Reached terminal node at step 13
   Reached terminal node at step 18
   Reached terminal node at step 21
   Reached terminal node at step 3
Episode 10/100...
   Reached terminal node at step 12
   Reached terminal node at step 3
   Reached terminal node at step 2
   Reached terminal node at step 12
   Reached terminal node at step 21
   Reached terminal node at step 12
   Reached terminal node at step 20
   Reached terminal node at step 13
   Reached terminal node at step 3
   Reached terminal node at step 12
Episode 20/100...
   Reached terminal node at step 17
   Reached terminal node at step 19
   Reached terminal node at step 16
   Reached terminal node at step 24
   Reached terminal node at step 13
   Reached terminal node at step 9
   Reached terminal node at step 20
   Reached terminal node at step 12
   Reached terminal node at step 3
   Reached terminal node at step 20
Episode 30/100...
   Reached terminal node at step 13
   Reached terminal node at step 7
   Reached terminal node at step 8
   Reached terminal node at step 13
   Reached terminal node at step 20
   Reached terminal node at step 14
   Reached terminal node at step 16
   Reached terminal node at step 18
   Reached terminal node at step 9
   Reached terminal node at step 3
Episode 40/100...
   Reached terminal node at step 15
   Reached terminal node at step 15
   Reached terminal node at step 11
   Reached terminal node at step 13
   Reached terminal node at step 12
   Reached terminal node at step 15
   Reached terminal node at step 17
   Reached terminal node at step 21
   Reached terminal node at step 10
   Reached terminal node at step 18
Episode 50/100...
   Reached terminal node at step 19
   Reached terminal node at step 12
   Reached terminal node at step 22
   Reached terminal node at step 7
   Reached terminal node at step 12
   Reached terminal node at step 12
   Reached terminal node at step 19
   Reached terminal node at step 21
   Reached terminal node at step 23
   Reached terminal node at step 11
Episode 60/100...
   Reached terminal node at step 14
   Reached terminal node at step 13
   Reached terminal node at step 17
   Reached terminal node at step 18
   Reached terminal node at step 19
   Reached terminal node at step 14
   Reached terminal node at step 21
   Reached terminal node at step 22
   Reached terminal node at step 16
   Reached terminal node at step 10
Episode 70/100...
   Reached terminal node at step 13
   Reached terminal node at step 16
   Reached terminal node at step 13
   Reached terminal node at step 17
   Reached terminal node at step 22
   Reached terminal node at step 17
   Reached terminal node at step 23
   Reached terminal node at step 16
   Reached terminal node at step 13
   Reached terminal node at step 11
Episode 80/100...
   Reached terminal node at step 17
   Reached terminal node at step 13
   Reached terminal node at step 14
   Reached terminal node at step 10
   Reached terminal node at step 17
   Reached terminal node at step 18
Warning: Max iterations reached in propagate_upwards.
   Reached terminal node at step 20
   Reached terminal node at step 23
   Reached terminal node at step 21
   Reached terminal node at step 16
Episode 90/100...
   Reached terminal node at step 17
   Reached terminal node at step 19
   Reached terminal node at step 20
   Reached terminal node at step 13
   Reached terminal node at step 19
   Reached terminal node at step 13
   Reached terminal node at step 17
   Reached terminal node at step 12
   Reached terminal node at step 14
   Reached terminal node at step 22
Saved estimated data to results/sir_both_10_standard/experiment_low_noise/estimated_data.csv
Time taken: 19523.17 seconds (325.39 min, 5.42 hr)

Finished sir_both_10_standard/experiment_low_noise. Results saved to results/sir_both_10_standard/experiment_low_noise
Finished sir_both_10_standard/experiment_low_noise
   Reached terminal node at step 10
   Reached terminal node at step 21
   Reached terminal node at step 20
   Reached terminal node at step 20
   Reached terminal node at step 6
   Reached terminal node at step 23
   Reached terminal node at step 5
   Reached terminal node at step 11
   Reached terminal node at step 2
   Reached terminal node at step 10
Episode 10/100...
   Reached terminal node at step 15
   Reached terminal node at step 19
   Reached terminal node at step 12
   Reached terminal node at step 2
   Reached terminal node at step 9
   Reached terminal node at step 20
   Reached terminal node at step 17
   Reached terminal node at step 22
   Reached terminal node at step 16
   Reached terminal node at step 16
Episode 20/100...
   Reached terminal node at step 3
   Reached terminal node at step 13
   Reached terminal node at step 17
   Reached terminal node at step 19
   Reached terminal node at step 16
   Reached terminal node at step 13
   Reached terminal node at step 10
   Reached terminal node at step 12
   Reached terminal node at step 3
   Reached terminal node at step 21
Episode 30/100...
   Reached terminal node at step 8
   Reached terminal node at step 20
   Reached terminal node at step 3
   Reached terminal node at step 10
   Reached terminal node at step 3
   Reached terminal node at step 16
   Reached terminal node at step 18
   Reached terminal node at step 17
   Reached terminal node at step 3
   Reached terminal node at step 3
Episode 40/100...
   Reached terminal node at step 19
   Reached terminal node at step 13
   Reached terminal node at step 7
   Reached terminal node at step 3
   Reached terminal node at step 3
   Reached terminal node at step 3
   Reached terminal node at step 20
   Reached terminal node at step 12
   Reached terminal node at step 17
   Reached terminal node at step 17
Episode 50/100...
   Reached terminal node at step 17
   Reached terminal node at step 20
   Reached terminal node at step 13
   Reached terminal node at step 15
   Reached terminal node at step 20
   Reached terminal node at step 21
   Reached terminal node at step 20
   Reached terminal node at step 13
   Reached terminal node at step 19
   Reached terminal node at step 19
Episode 60/100...
   Reached terminal node at step 18
   Reached terminal node at step 17
   Reached terminal node at step 16
   Reached terminal node at step 13
   Reached terminal node at step 20
   Reached terminal node at step 17
   Reached terminal node at step 20
   Reached terminal node at step 17
   Reached terminal node at step 19
   Reached terminal node at step 15
Episode 70/100...
   Reached terminal node at step 17
   Reached terminal node at step 22
   Reached terminal node at step 16
   Reached terminal node at step 17
   Reached terminal node at step 21
   Reached terminal node at step 21
   Reached terminal node at step 20
   Reached terminal node at step 17
   Reached terminal node at step 15
   Reached terminal node at step 19
Episode 80/100...
   Reached terminal node at step 18
   Reached terminal node at step 24
   Reached terminal node at step 18
   Reached terminal node at step 21
   Reached terminal node at step 19
   Reached terminal node at step 12
   Reached terminal node at step 12
   Reached terminal node at step 18
   Reached terminal node at step 15
   Reached terminal node at step 24
Episode 90/100...
   Reached terminal node at step 14
   Reached terminal node at step 11
   Reached terminal node at step 13
   Reached terminal node at step 25
   Reached terminal node at step 17
   Reached terminal node at step 20
   Reached terminal node at step 18
   Reached terminal node at step 24
   Reached terminal node at step 19
   Reached terminal node at step 22
Saved estimated data to results/sir_both_10_standard/experiment_no_noise/estimated_data.csv
Time taken: 21372.09 seconds (356.20 min, 5.94 hr)

Finished sir_both_10_standard/experiment_no_noise. Results saved to results/sir_both_10_standard/experiment_no_noise
Finished sir_both_10_standard/experiment_no_noise
   Reached terminal node at step 14
   Reached terminal node at step 12
   Reached terminal node at step 20
   Reached terminal node at step 15
   Reached terminal node at step 12
   Reached terminal node at step 9
   Reached terminal node at step 2
   Reached terminal node at step 15
   Reached terminal node at step 3
   Reached terminal node at step 11
Episode 10/100...
   Reached terminal node at step 21
   Reached terminal node at step 2
   Reached terminal node at step 10
   Reached terminal node at step 11
   Reached terminal node at step 11
   Reached terminal node at step 15
   Reached terminal node at step 10
   Reached terminal node at step 14
   Reached terminal node at step 3
   Reached terminal node at step 17
Episode 20/100...
   Reached terminal node at step 13
   Reached terminal node at step 19
   Reached terminal node at step 22
   Reached terminal node at step 16
   Reached terminal node at step 11
   Reached terminal node at step 11
   Reached terminal node at step 20
   Reached terminal node at step 13
   Reached terminal node at step 18
   Reached terminal node at step 21
Episode 30/100...
   Reached terminal node at step 4
   Reached terminal node at step 18
   Reached terminal node at step 18
   Reached terminal node at step 21
   Reached terminal node at step 26
   Reached terminal node at step 6
   Reached terminal node at step 16
   Reached terminal node at step 22
   Reached terminal node at step 14
   Reached terminal node at step 18
Episode 40/100...
   Reached terminal node at step 20
   Reached terminal node at step 10
   Reached terminal node at step 18
   Reached terminal node at step 12
   Reached terminal node at step 16
   Reached terminal node at step 12
   Reached terminal node at step 3
   Reached terminal node at step 11
   Reached terminal node at step 3
   Reached terminal node at step 11
Episode 50/100...
   Reached terminal node at step 19
   Reached terminal node at step 20
   Reached terminal node at step 17
   Reached terminal node at step 18
   Reached terminal node at step 9
   Reached terminal node at step 21
   Reached terminal node at step 20
   Reached terminal node at step 11
   Reached terminal node at step 14
   Reached terminal node at step 20
Episode 60/100...
   Reached terminal node at step 10
   Reached terminal node at step 3
   Reached terminal node at step 3
   Reached terminal node at step 5
   Reached terminal node at step 15
   Reached terminal node at step 19
   Reached terminal node at step 14
   Reached terminal node at step 5
   Reached terminal node at step 19
   Reached terminal node at step 17
Episode 70/100...
   Reached terminal node at step 6
   Reached terminal node at step 14
   Reached terminal node at step 22
   Reached terminal node at step 15
   Reached terminal node at step 19
   Reached terminal node at step 23
   Reached terminal node at step 11
   Reached terminal node at step 17
   Reached terminal node at step 19
   Reached terminal node at step 18
Episode 80/100...
   Reached terminal node at step 19
   Reached terminal node at step 13
   Reached terminal node at step 14
   Reached terminal node at step 5
   Reached terminal node at step 13
   Reached terminal node at step 20
   Reached terminal node at step 19
   Reached terminal node at step 4
   Reached terminal node at step 9
   Reached terminal node at step 15
Episode 90/100...
   Reached terminal node at step 16
   Reached terminal node at step 20
   Reached terminal node at step 19
   Reached terminal node at step 22
   Reached terminal node at step 9
   Reached terminal node at step 22
   Reached terminal node at step 12
   Reached terminal node at step 19
   Reached terminal node at step 20
   Reached terminal node at step 13
Saved estimated data to results/sir_prevalence_only_10_standard/experiment_no_noise/estimated_data.csv
Time taken: 23347.09 seconds (389.12 min, 6.49 hr)

Finished sir_prevalence_only_10_standard/experiment_no_noise. Results saved to results/sir_prevalence_only_10_standard/experiment_no_noise
Finished sir_prevalence_only_10_standard/experiment_no_noise
   Reached terminal node at step 10
   Reached terminal node at step 23
   Reached terminal node at step 25
   Reached terminal node at step 19
   Reached terminal node at step 15
   Reached terminal node at step 13
   Reached terminal node at step 19
   Reached terminal node at step 3
   Reached terminal node at step 2
   Reached terminal node at step 19
Episode 10/100...
   Reached terminal node at step 14
   Reached terminal node at step 3
   Reached terminal node at step 3
   Reached terminal node at step 2
   Reached terminal node at step 24
   Reached terminal node at step 11
   Reached terminal node at step 14
   Reached terminal node at step 11
   Reached terminal node at step 7
   Reached terminal node at step 21
Episode 20/100...
   Reached terminal node at step 11
   Reached terminal node at step 3
   Reached terminal node at step 20
   Reached terminal node at step 18
   Reached terminal node at step 3
   Reached terminal node at step 14
   Reached terminal node at step 7
   Reached terminal node at step 17
   Reached terminal node at step 9
   Reached terminal node at step 3
Episode 30/100...
   Reached terminal node at step 3
   Reached terminal node at step 20
   Reached terminal node at step 15
   Reached terminal node at step 7
   Reached terminal node at step 16
   Reached terminal node at step 11
   Reached terminal node at step 13
   Reached terminal node at step 12
   Reached terminal node at step 19
   Reached terminal node at step 15
Episode 40/100...
   Reached terminal node at step 14
   Reached terminal node at step 13
   Reached terminal node at step 17
   Reached terminal node at step 14
   Reached terminal node at step 18
   Reached terminal node at step 8
   Reached terminal node at step 19
   Reached terminal node at step 11
   Reached terminal node at step 14
   Reached terminal node at step 22
Episode 50/100...
   Reached terminal node at step 26
   Reached terminal node at step 3
   Reached terminal node at step 9
   Reached terminal node at step 13
   Reached terminal node at step 3
   Reached terminal node at step 14
   Reached terminal node at step 9
   Reached terminal node at step 5
   Reached terminal node at step 21
   Reached terminal node at step 15
Episode 60/100...
   Reached terminal node at step 21
   Reached terminal node at step 14
   Reached terminal node at step 10
   Reached terminal node at step 3
   Reached terminal node at step 12
   Reached terminal node at step 13
   Reached terminal node at step 22
   Reached terminal node at step 16
   Reached terminal node at step 16
   Reached terminal node at step 12
Episode 70/100...
   Reached terminal node at step 16
   Reached terminal node at step 10
   Reached terminal node at step 13
   Reached terminal node at step 21
   Reached terminal node at step 16
   Reached terminal node at step 15
   Reached terminal node at step 15
   Reached terminal node at step 24
   Reached terminal node at step 3
   Reached terminal node at step 20
Episode 80/100...
   Reached terminal node at step 21
   Reached terminal node at step 14
   Reached terminal node at step 23
   Reached terminal node at step 19
   Reached terminal node at step 9
   Reached terminal node at step 17
   Reached terminal node at step 20
   Reached terminal node at step 18
   Reached terminal node at step 13
   Reached terminal node at step 16
Episode 90/100...
   Reached terminal node at step 18
   Reached terminal node at step 18
   Reached terminal node at step 15
   Reached terminal node at step 21
   Reached terminal node at step 12
   Reached terminal node at step 23
   Reached terminal node at step 16
   Reached terminal node at step 10
   Reached terminal node at step 20
   Reached terminal node at step 16
Saved estimated data to results/sir_both_10_standard/experiment_high_noise/estimated_data.csv
Time taken: 23504.37 seconds (391.74 min, 6.53 hr)

Finished sir_both_10_standard/experiment_high_noise. Results saved to results/sir_both_10_standard/experiment_high_noise
Finished sir_both_10_standard/experiment_high_noise
   Reached terminal node at step 16
   Reached terminal node at step 20
   Reached terminal node at step 16
   Reached terminal node at step 13
   Reached terminal node at step 14
   Reached terminal node at step 12
   Reached terminal node at step 13
   Reached terminal node at step 13
   Reached terminal node at step 12
   Reached terminal node at step 3
Episode 10/100...
Constant optimisation failed, returning high error
   Reached terminal node at step 16
   Reached terminal node at step 3
   Reached terminal node at step 2
   Reached terminal node at step 2
   Reached terminal node at step 15
   Reached terminal node at step 21
   Reached terminal node at step 7
   Reached terminal node at step 14
   Reached terminal node at step 12
   Reached terminal node at step 3
Episode 20/100...
   Reached terminal node at step 13
   Reached terminal node at step 23
   Reached terminal node at step 10
   Reached terminal node at step 10
   Reached terminal node at step 3
   Reached terminal node at step 17
   Reached terminal node at step 10
   Reached terminal node at step 18
   Reached terminal node at step 7
   Reached terminal node at step 19
Episode 30/100...
   Reached terminal node at step 19
   Reached terminal node at step 11
   Reached terminal node at step 21
   Reached terminal node at step 21
Constant optimisation failed, returning high error
Constant optimisation failed, returning high error
Constant optimisation failed, returning high error
Constant optimisation failed, returning high error
   Reached terminal node at step 19
   Reached terminal node at step 3
   Reached terminal node at step 4
   Reached terminal node at step 3
   Reached terminal node at step 11
   Reached terminal node at step 19
Episode 40/100...
   Reached terminal node at step 3
   Reached terminal node at step 5
   Reached terminal node at step 20
   Reached terminal node at step 16
   Reached terminal node at step 14
   Reached terminal node at step 20
   Reached terminal node at step 3
   Reached terminal node at step 9
   Reached terminal node at step 11
   Reached terminal node at step 5
Episode 50/100...
   Reached terminal node at step 18
   Reached terminal node at step 14
   Reached terminal node at step 4
   Reached terminal node at step 4
   Reached terminal node at step 14
   Reached terminal node at step 20
   Reached terminal node at step 15
   Reached terminal node at step 4
   Reached terminal node at step 8
   Reached terminal node at step 18
Episode 60/100...
   Reached terminal node at step 4
   Reached terminal node at step 19
   Reached terminal node at step 19
   Reached terminal node at step 5
   Reached terminal node at step 19
   Reached terminal node at step 12
   Reached terminal node at step 18
   Reached terminal node at step 15
   Reached terminal node at step 12
   Reached terminal node at step 12
Episode 70/100...
   Reached terminal node at step 4
   Reached terminal node at step 4
   Reached terminal node at step 17
   Reached terminal node at step 20
   Reached terminal node at step 7
   Reached terminal node at step 12
   Reached terminal node at step 6
   Reached terminal node at step 7
   Reached terminal node at step 10
   Reached terminal node at step 18
Episode 80/100...
   Reached terminal node at step 20
   Reached terminal node at step 9
   Reached terminal node at step 12
   Reached terminal node at step 11
   Reached terminal node at step 10
   Reached terminal node at step 10
   Reached terminal node at step 10
   Reached terminal node at step 16
   Reached terminal node at step 8
   Reached terminal node at step 17
Episode 90/100...
   Reached terminal node at step 18
   Reached terminal node at step 17
   Reached terminal node at step 7
   Reached terminal node at step 3
   Reached terminal node at step 3
   Reached terminal node at step 18
   Reached terminal node at step 12
   Reached terminal node at step 10
   Reached terminal node at step 18
   Reached terminal node at step 18
Saved estimated data to results/sir_prevalence_only_10_standard/experiment_low_noise/estimated_data.csv
Time taken: 23836.41 seconds (397.27 min, 6.62 hr)

Finished sir_prevalence_only_10_standard/experiment_low_noise. Results saved to results/sir_prevalence_only_10_standard/experiment_low_noise
Finished sir_prevalence_only_10_standard/experiment_low_noise
   Reached terminal node at step 15
   Reached terminal node at step 17
   Reached terminal node at step 10
   Reached terminal node at step 10
   Reached terminal node at step 9
   Reached terminal node at step 20
   Reached terminal node at step 6
   Reached terminal node at step 7
   Reached terminal node at step 2
   Reached terminal node at step 14
Episode 10/100...
   Reached terminal node at step 21
   Reached terminal node at step 22
   Reached terminal node at step 3
   Reached terminal node at step 2
   Reached terminal node at step 17
   Reached terminal node at step 20
   Reached terminal node at step 16
   Reached terminal node at step 17
   Reached terminal node at step 15
   Reached terminal node at step 10
Episode 20/100...
   Reached terminal node at step 17
   Reached terminal node at step 20
   Reached terminal node at step 16
   Reached terminal node at step 3
   Reached terminal node at step 20
   Reached terminal node at step 12
   Reached terminal node at step 7
   Reached terminal node at step 9
   Reached terminal node at step 16
   Reached terminal node at step 14
Episode 30/100...
   Reached terminal node at step 13
   Reached terminal node at step 3
   Reached terminal node at step 10
   Reached terminal node at step 3
   Reached terminal node at step 16
   Reached terminal node at step 21
   Reached terminal node at step 13
   Reached terminal node at step 21
   Reached terminal node at step 15
   Reached terminal node at step 11
Episode 40/100...
   Reached terminal node at step 13
   Reached terminal node at step 23
   Reached terminal node at step 19
   Reached terminal node at step 22
   Reached terminal node at step 12
   Reached terminal node at step 3
   Reached terminal node at step 17
   Reached terminal node at step 16
   Reached terminal node at step 18
   Reached terminal node at step 13
Episode 50/100...
   Reached terminal node at step 17
   Reached terminal node at step 26
   Reached terminal node at step 18
   Reached terminal node at step 17
   Reached terminal node at step 13
   Reached terminal node at step 25
   Reached terminal node at step 3
   Reached terminal node at step 9
   Reached terminal node at step 19
   Reached terminal node at step 13
Episode 60/100...
   Reached terminal node at step 21
   Reached terminal node at step 20
   Reached terminal node at step 10
   Reached terminal node at step 10
   Reached terminal node at step 3
   Reached terminal node at step 14
   Reached terminal node at step 15
   Reached terminal node at step 11
   Reached terminal node at step 11
   Reached terminal node at step 11
Episode 70/100...
   Reached terminal node at step 11
   Reached terminal node at step 16
   Reached terminal node at step 13
   Reached terminal node at step 20
   Reached terminal node at step 18
   Reached terminal node at step 13
   Reached terminal node at step 9
   Reached terminal node at step 4
   Reached terminal node at step 24
   Reached terminal node at step 19
Episode 80/100...
   Reached terminal node at step 10
   Reached terminal node at step 4
   Reached terminal node at step 15
   Reached terminal node at step 21
   Reached terminal node at step 20
   Reached terminal node at step 21
   Reached terminal node at step 3
   Reached terminal node at step 11
   Reached terminal node at step 10
   Reached terminal node at step 12
Episode 90/100...
   Reached terminal node at step 14
   Reached terminal node at step 19
   Reached terminal node at step 15
   Reached terminal node at step 12
   Reached terminal node at step 3
   Reached terminal node at step 14
   Reached terminal node at step 12
   Reached terminal node at step 17
   Reached terminal node at step 21
   Reached terminal node at step 20
Saved estimated data to results/sir_prevalence_only_10_standard/experiment_high_noise/estimated_data.csv
Time taken: 25415.56 seconds (423.59 min, 7.06 hr)

Finished sir_prevalence_only_10_standard/experiment_high_noise. Results saved to results/sir_prevalence_only_10_standard/experiment_high_noise
Finished sir_prevalence_only_10_standard/experiment_high_noise
